COMMAND=bash bin/fm-test-run.sh --jobs 1 tests/fm-remote-job-orphan-reap.test.sh tests/fm-remote-entrypoint.test.sh
ISOLATION=private user/PID/mount namespaces; disposable TMPDIR
FM_TEST_BEGIN 2026-10-03T06:55:17Z tests/fm-remote-job-orphan-reap.test.sh family=secondmate expected_gate_skip=none
ok - the Linux start path puts the whole worker tree in its own process group
ok - removing the state root and killing the recorded worker pid leaves the tree running, orphaned
ok - a worker whose code root still exists is never reaped
ok - a worker stops its whole tree once its code root is pruned
ok - a dry run reports the abandoned worker and signals nothing
ok - the reaper stops an abandoned worker's whole tree
ok - the reaper is idempotent
FM_TEST_END 2026-10-03T06:55:19Z tests/fm-remote-job-orphan-reap.test.sh exit=0 duration_ms=2561 gate_skip=false
FM_TEST_BEGIN 2026-10-03T06:55:19Z tests/fm-remote-entrypoint.test.sh family=standalone expected_gate_skip=none
ok - fm-remote-entrypoint.sh invoked via a PATH symlink resolves SCRIPT_DIR to the real bin/ directory
ok - fm-remote-entrypoint.sh invoked directly still resolves SCRIPT_DIR correctly
FM_TEST_END 2026-10-03T06:55:19Z tests/fm-remote-entrypoint.test.sh exit=0 duration_ms=86 gate_skip=false
FM_TEST_SUMMARY total=2 failed=0 skipped_gate=0 duration_ms=2696
FM_TEST_SUMMARY_FAMILY family=secondmate count=1 duration_ms=2561 failed=0
FM_TEST_SUMMARY_FAMILY family=standalone count=1 duration_ms=86 failed=0
FM_TEST_SLOWEST rank=1 script=tests/fm-remote-job-orphan-reap.test.sh duration_ms=2561
FM_TEST_SLOWEST rank=2 script=tests/fm-remote-entrypoint.test.sh duration_ms=86
COMMAND_EXIT=0
LAB_CHILDREN_BEFORE_CLEANUP=[]
LAB_WORKERS_AFTER=0
LAB_TMPDIR_REMOVED=true
