COMMAND=bash bin/fm-test-run.sh --jobs 1 tests/fm-remote-job.test.sh
ISOLATION=private user/PID/mount namespaces; disposable TMPDIR
FM_TEST_BEGIN 2026-10-03T06:52:17Z tests/fm-remote-job.test.sh family=secondmate expected_gate_skip=none
ok - default queue and execution bounds independently cover long polls
ok - process start cookies parse procfs comm delimiters and field 22
ok - start cookies reject malformed procfs and retain the unavailable-procfs fallback
ok - live lock ownership survives nonvacuous date rendering and rejects tick mismatch
ok - lock ownership still rejects a mismatching command with matching PID and start
ok - staging custody retains old live-owner stages and removes stale owners
ok - operator PATH excludes a symlinked local bin
ok - operator PATH honors nvm defaults with a deterministic fallback
ok - operator PATH resolves the authorized Nix profile bin link
ok - operator PATH orders discovered tool installs deterministically
ok - the worker preserves bounded argv and stdin in an empty environment
ok - active jobs keep the worker ready for concurrent requests
ok - ensure replaces a live worker after its code changes
ok - worker identity binds the canonical configured code root
ok - changed-TZ ensure callers retain one supervisor and a running job's owner
ok - stale ownership is reclaimed without signaling a reused pid
ok - the worker enforces the job timeout and publishes its result
ok - the worker expires queued jobs before they can mutate
ok - queued jobs receive a fresh bounded execution window
ok - a queued short command preempts a running long poll instead of waiting its window
ok - a poll re-armed after preemption reads the same cursor with nothing lost
ok - sibling polls never preempt each other into a re-arm churn loop
ok - worker shutdown terminates the active command tree before replacement
ok - Linux supervision recovers crashes and stops orphaned commands
ok - pre-execution validation obeys the job timeout
ok - the worker drains bounded output without changing command results
ok - the worker refuses symlinked job fields before command execution
ok - failed shutdown quarantines ownership against replacement workers
ok - quarantine recovery refuses unverifiable supervisors and ignores reused pids
ok - a repeatedly signalled shutdown still releases ownership for the next worker
ok - TERM after ownership loss stops the serving worker
ok - TERM after ownership loss still stops the active command tree
ok - a lost owner terminates without stopping the replacement owner's work
ok - an ousted worker in shutdown leaves the replacement quarantine untouched
ok - an idle worker sleeps out a second between passes instead of busy-polling
ok - an idle worker keeps its readiness heartbeat fresh between passes
ok - an idle worker claims and publishes a staged job within a few seconds
ok - an idle worker still repairs queue permissions and stops promptly on TERM
ok - barely healthy worker failures remain bounded by the restart guard
ALL TESTS PASSED
FM_TEST_END 2026-10-03T06:53:33Z tests/fm-remote-job.test.sh exit=0 duration_ms=75845 gate_skip=false
FM_TEST_SUMMARY total=1 failed=0 skipped_gate=0 duration_ms=75887
FM_TEST_SUMMARY_FAMILY family=secondmate count=1 duration_ms=75845 failed=0
FM_TEST_SLOWEST rank=1 script=tests/fm-remote-job.test.sh duration_ms=75845
COMMAND_EXIT=0
LAB_CHILDREN_BEFORE_CLEANUP=[]
LAB_WORKERS_AFTER=0
LAB_TMPDIR_REMOVED=true
