ok - fm-spawn/fm-promote: authorized intent preserves exact words and refuses operator-address lines
ok - fm-spawn: every legacy worker receives scoped role instructions without changing project or primary instructions
Continuing remaining delivery checks with the standard temporary directory.
Switched to a new branch '$(touch${IFS}/tmp/fm-task-delivery.ppIRjs/promote-branch-shell-safe-marker)/promote-branch-safe-e3'
ok - fm-promote: ref-format-valid shell metacharacters stay literal in promotion branch commands
●━━━━━━━━━━━━━━━━━━━━━━━━━━━━━━━━━━━━━━━━━━━━━━━━━━━━━━━━━━━━━━━━━━━━━━━
●  WATCHER DOWN - SUPERVISION IS OFF
●  1 task(s) in flight, but no watcher has a fresh beacon (last beat: never, grace 300s).
●  Trust the emitted supervision protocol for this harness; do not use shell & for watcher repair.
●  This is a supervision warning only; the guarded operation WILL still run.
●  repair missing watcher supervision according to the session-start block for this harness; do not use shell &.
●━━━━━━━━━━━━━━━━━━━━━━━━━━━━━━━━━━━━━━━━━━━━━━━━━━━━━━━━━━━━━━━━━━━━━━━
ok - fm-merge-local: a registry change cannot redirect an in-flight local-only task
ok - fm-project-mode: the registry lookup matches a whole multi-word name, not just its first token
ok - fm-project-mode: the conditional policy is accepted, mapped for mechanical callers, and readable raw
ok - fm-project-mode: the forge binds from its own token and is reported only through --forge
ok - fm-project-mode: only a malformed forge binding refuses; every other token keeps its old tolerance
ok - forge=gerrit: yolo is refused with its reason, never silently dropped
ok - forge=gerrit: no-mistakes runs with its forge steps skipped, recovers its fixes, then publishes one change
ok - forge=gerrit: direct-PR publishes one squashed change and a stack is refused with its reason
ok - fm-spawn: a registered forge must reach the worker's brief
ok - fm-spawn: the brief must carry the spawn's selected ship branch, and the selection is validated before anything is created
ok - fm-spawn: a ship branch that deviates from the registered prefix is announced, never blocked
ok - fm-spawn: a registry forge token the parser refuses stops the launch, reason included
ok - fm-promote: a promoted worker receives the project's registered forge contract with no flag to remember
ok - fm-spawn/fm-promote: leftover Task placeholders are refused until both subsections are filled
ok - fm-spawn: a ship launch requires an answered task preparation record, and a scout never is
ok - fm-spawn: every mode and tier admits complete preparation without review receipts
ok - fm-spawn: a no-mistakes launch brief hands over the outcome table, behaviour spec and definition of done apart from, and before, the captain's words
ok - fm-project-mode: --branch-prefix resolves order-independently and defaults to the legacy fm/ prefix
# all fm-task-delivery tests passed
