FM_TEST_BEGIN 2026-09-26T12:13:43Z tests/fm-inactive-reconcile.test.sh family=watcher-wake-lock expected_gate_skip=none
FM_TEST_BEGIN 2026-09-26T12:13:43Z tests/fm-daemon.test.sh family=watcher-wake-lock expected_gate_skip=none
actionable: inactive terminal outcome awaiting captain presentation: child=child state=done pr=https://example.test/owner/repo/pull/1
ok - main direct terminal presentation has a durable receipt
actionable: inactive terminal outcome awaiting captain presentation: child=child state=done pr=https://example.test/owner/repo/pull/1
ok - a branch-actor acknowledgement retires the inactive-outcome receipt and later scans stay quiet
ok - unpushed CI-ready ship done: is not published upstream
ok - a delivered ship done: skips the git gate on later polls
ok - secondmate delivers a child's terminal ledger line once, on the next poll, from the ledger alone
ok - multiline terminal outcomes are reported once before or during a state read
ok - an unterminated continuation line does not withhold a proven child outcome
ok - later status prose does not change the inactive terminal receipt identity
ok - busy child locks do not starve later ledger outcomes
ok - ledger delivery carries the report pointer, the failed verb, and each new terminal line
ok - pr= requires the recorded PR or a ready-signal terminal line, whatever its stamp, and never a scout
ok - terminal lines arriving during state reads remain ledger-owned
ok - inactive and ledger paths reconcile one raced completion without hiding later events
ok - progress after an inactive fallback starts a distinct terminal event
ok - complete long ledger lines retain distinct receipt identities
ok - a ledger line still being appended waits for its newline
ok - the remote route carries a child's ledger line once
ok - report delivers a child's final line, owes nothing twice, and refuses only an unwritable channel
actionable: child outcome needs parent report: child=child state=done (missing or unreadable parent binding .fm-secondmate-parent)
ok - a pending ship done: is delivered by report after teardown removed the worktree
ok - report preserves teardown's metadata-before-scan lock order
actionable: child outcome needs parent report: child=child state=failed (missing or unreadable parent binding .fm-secondmate-parent)
ok - relative local parent homes fail closed
ok - invalid secondmate markers block routing and surface the obligation
ok - remote parent-replies mirror input is durable and idempotent
ok - reused task ids retain per-incarnation terminal receipts
ok - legacy metadata rewrites preserve terminal receipt identity
ok - relaunch cannot replace metadata during terminal snapshot
actionable: inactive terminal outcome awaiting captain presentation: child=child state=done pr=https://example.test/owner/repo/pull/1
ok - terminal reconciliation ignores heartbeat backoff state
actionable: inactive terminal outcome awaiting captain presentation: child=child state=done pr=https://example.test/owner/repo/pull/1
ok - scan marker replaces a symlink without overwriting its target
ok - nonterminal and captain-held workers remain outside inactive terminal reporting
ok - watcher hook wakes for terminal loss and preserves idle secondmate exemption
ok - the real watcher poll delivers a child's terminal ledger line to the parent channel
actionable: inactive terminal outcome awaiting captain presentation: child=b state=done pr=https://example.test/owner/repo/pull/1
ok - stalled state reads are bounded without starving later children
ok - aggregate scan budget includes durable wake operations
actionable: inactive terminal outcome needs parent report: child=child state=failed (missing or unreadable parent binding .fm-secondmate-parent)
ok - notice recovery remains idempotent across queue acknowledgement
ok - a secondmate home with no parent binding names the missing binding instead of failing quietly
actionable: inactive terminal outcome awaiting captain presentation: child=child state=done pr=https://example.test/owner/repo/pull/1
ok - reconciliation makes zero forge or PR API calls
actionable: inactive terminal outcome awaiting captain presentation: child=child state=done pr=https://example.test/owner/repo/pull/1
ok - reconciliation state reads set no-forge mode
all inactive reconciliation tests passed
FM_TEST_END 2026-09-26T12:14:14Z tests/fm-inactive-reconcile.test.sh exit=0 duration_ms=31035 gate_skip=false
ok - fm-afk-start.sh fails before daemon startup when the afk flag cannot be written
ok - fm-afk-start.sh ignores stale pidfile-only live pids
ok - fm-afk-start.sh reclaims stale daemon locks whose live pid identity no longer matches
ok - supervise daemon state root is scoped by FM_HOME
ok - routine signal self-handles
ok - captain-relevant status verbs escalate
ok - check + unknown escalate; heartbeat self-handles
ok - a delivered unknown wake is acknowledged once per away session; a new one and ordinary escalations still fire
ok - a failed unknown-wake acknowledgement write does not re-inject a delivered digest
ok - transient stale self-handles and records a persistence marker
ok - enriched stale wedges bypass status absorption except under a declared wait, without disturbing busy workers
ok - an enriched wedge under a declared wait uses the pause cadence and restores wedge detection on resume
ok - stale + terminal status escalates immediately
ok - stale escalation and current wait cadence remain independent
ok - paused reasons with captain phrases remain pause-classified
ok - a foreign resolved line keeps a pause, while the worker's own resolved line retracts it
ok - a captain-held transfer classifies as pause, not as a wedge candidate
ok - handle_wake on a paused stale records a pause marker, drops the wedge marker, and does not escalate
ok - handle_wake records a declared pause from a routine signal for long-cadence rechecks
ok - a terminal signal clears pause and stale tracking across both supervisors
ok - housekeeping migrates a normal-watcher's declared pause into daemon tracking
ok - housekeeping clears an already-resumed watcher pause across both supervisors
ok - housekeeping seeds pause tracking from status without a watcher marker
ok - persistent stale escalates after threshold and clears its marker
ok - resumed (busy) stale clears its marker without escalating
ok - housekeeping re-surfaces a stale declared pause on the long cadence and resets its window
ok - housekeeping re-surfaces a forgotten captain hold on the long cadence and resets its window
ok - a busy pane cannot gate the pause clear once its crew's status no longer declares the wait
ok - housekeeping matures a busy pane's declared-wait window into exactly one recheck per window
ok - housekeeping bounds a distant declared time, defers to a near one, and rechecks a passed one at once
ok - housekeeping clears a paused marker once the crew is no longer declaring the pause
ok - housekeeping clears the pause marker once a captain hold is answered
ok - housekeeping moves an existing stale marker to pause before wedge escalation
ok - housekeeping moves a captain hold's existing stale marker to pause before wedge escalation
ok - housekeeping clears tracking when a crew leaves pause
ok - persistent herdr stale resolves the target from metadata and escalates
ok - herdr idle busy-footer stale clears through capture corroboration
ok - resumed herdr stale clears through backend-aware busy state
ok - persistent Orca stale resolves the terminal from metadata
ok - multiple escalations flush as a single batched digest
ok - away escalation buffer keeps and refreshes one item per durable wake key
ok - keyed escalation refresh keeps backslashes in the item and key literal
ok - batch flush measures max-delay from the first append, not the last
ok - catch-all scan escalates a missed terminal once, not twice
ok - handle_wake routes routine->self and captain->escalate
ok - a decision-owned queued row escalates once as the decision, then suppresses until the status changes
ok - a captain-held decision-owned row is self-handled without escalation, now and on repeat
ok - INJECT_SKIP forces self-handle, bypassing captain-relevant classification
ok - is_wake_reason distinguishes watcher wake reasons from singleton-status stdout
ok - terminal-stale escalate removes its marker so housekeeping does not re-escalate
ok - captain signal escalate marks seen so the catch-all scan does not re-fire
ok - _collapse_newlines replaces newlines with literal separator
ok - afk flag absent: daemon does not inject, buffer preserved
ok - busy-guard defers injection when supervisor pane is busy
ok - marker detection: marker -> stay afk, no marker -> exit afk
ok - /afk invocation is exempt from afk exit (no self-cancel)
ok - should_exit_afk returns false when afk is not active
ok - strip_injection_marker removes the sentinel marker cleanly
ok - a marker-preserving primary still receives the typed U+2063 away-supervisor envelope and no record
ok - record-backed doorbell: only a doorbell naming this home's own record stays afk; a bare ASCII label, a missing record, and another home's record exit
ok - pane_input_pending detects partial input on the cursor line
ok - pane_input_pending: a blank unidentified cursor row defers (strict container-proof rule)
ok - pane_input_pending: only proven empty agent prompts pass
ok - fm_tmux_composer_state: a bare shell prompt ($/%/#/>) reads unknown, never empty (dead-shell injection safety)
ok - fm_tmux_composer_state: a bordered composer box and bare agent glyphs (❯/›) still read empty
ok - fm_tmux_composer_state: only matching edge borders form a composer box
ok - pane_input_pending preserves bright placeholder-like drafts in styled captures
ok - classify_signal dedupes against the catch-all scan seen marker
ok - turn-end markers stay routine while mixed actionable status batches escalate
ok - an actionable event is escalated to an away captain despite later routine appends
ok - the daemon commits exactly the endpoint captured by classification
ok - a stale wake escalates a blocker hidden by later progress
ok - a stale span read failure surfaces without advancing its marker
ok - a recreated status rejects the old captured identity
ok - an unverifiable status identity surfaces without advancing markers
ok - a status read failure surfaces without advancing the daemon suppressor
ok - catch-all routine scans advance before later actionable appends
ok - failed escalation writes retain durable wakes and classification positions
ok - catch-all markers advance only after escalation buffering succeeds
ok - classification failure retains the complete durable wake batch
ok - missing-status stale wakes remain ordinary and acknowledgeable
ok - transient unreadable signals recover without advancing their position
ok - daemon catch-all reclassifies permission-recovered status content
ok - a permanent classification failure is reported, acknowledged, and never advances its position
ok - the away-mode catch-all scan surfaces a masked event once
ok - classify_stale dedupes against the signal path seen marker
ok - AFK nonterminal working:+merged keeps wedge aging and re-escalates at bound
ok - genuine done: and merge-check events still escalate
ok - pane_input_pending: an idle bordered composer is NOT pending (afk-invx-i5)
ok - pane_input_pending: text inside a bordered composer is still pending
ok - submit-ACK confirms a submit when the composer returns to a bordered-empty box
ok - submit-ACK reports pending on a persistently swallowed Enter (type-once)
ok - max-defer on an empty stuck pane types once, alarms, and preserves the buffer
ok - max-defer flushes and clears the buffer on an empty bordered pane
ok - max-defer on a pending composer requests handback without typing
ok - prepared native daemon exits loudly at max-defer and requeues its buffer for Stop-hook recovery
ok - a watcher that cannot start without a live peer alerts, requeues, and hands back
ok - daemon idles and retries while a live peer watcher holds the lock
ok - daemon retries its watcher start once when the colliding peer has already exited
ok - terminal-launched daemon alarms at max-defer and keeps supervising with its buffer preserved
ok - terminal-launched daemon keeps supervising and idles when its watcher cannot start
ok - native daemon alerts, requeues, and hands back when its watcher crash-loops
ok - terminal-launched daemon alerts once and keeps retrying through a watcher crash loop
ok - normal flush clears a stale wedge marker
ok - an oversized buffered digest is delivered bounded, with the full text kept durable
ok - a digest past its byte budget counts the omitted events and keeps them in the full text
ok - an initial-send failure logs its stage, bytes, and stderr, and the wedge alarm names it
ok - an Enter-confirmation failure logs its own stage and byte count
ok - a bounded digest's full-text file survives a failure after typing, and a deferral writes none
ok - below MAX_DEFER: no inject, no alarm, buffer preserved
ok - max-defer does not flush or alarm while afk is inactive
ok - library mode: sourcing the daemon defaults FM_WEDGE_ALARM_EXEC to discard (no test can fire a real notification)
ok - wake helpers replace inherited notifier overrides with the safe recorder
ok - the discard seam suppresses every notifier, including command: (fires nothing)
ok - direct notifier helpers honor the discard seam, including command:
ok - osascript channel routes through the notifier seam with the summary (never a real notification)
ok - herdr channel routes through the notifier seam with the summary (never a real notification)
ok - command channel runs the captain command with the summary on $1 and on stdin
ok - command channel failures redact configured commands while logging their exit status
ok - unknown channel directives are redacted while the alarm keeps running
ok - off disables every active alert regardless of directive position (marker and tmux flash are unaffected)
ok - auto resolves to the macOS osascript notifier on Darwin (default-on)
ok - auto on a non-macOS platform selects no built-in OS channel (the marker or a configured command carries it)
ok - auto selects a Herdr notification for a non-macOS Herdr primary
ok - config/wedge-alarm selects every configured channel and skips comment and blank lines
ok - a failing channel logs and falls back to the next channel, never crashing the alarm
ok - a hung notifier is bounded, logged, and falls through to the next channel
ok - a backgrounded command notifier remains bounded until its process group is reaped
ok - a hung notifier override is bounded, logged, and proceeds to the next channel
[1]+  Terminated              sh -c 'sleep 30 & printf "%s" "$!" > "$1"; wait' sh "$child_file"
ok - daemon shutdown stops and reaps the active notifier process group
ok - inject_wedge_alarm writes the marker AND emits the active alert even with no tmux status-line (herdr backend)
ok - in-process wedge throttle prevents alert spam when the marker cannot persist
ok - fm-send returns 3 with a non-error no-resend warning when confirmation stays pending
ok - fm-send exits non-zero when initial text send fails
ok - fm-send exits non-zero unless delivery is proven empty
ok - discover_supervisor_backend: override > TMUX_PANE > HERDR_ENV+HERDR_PANE_ID > tmux fallback
ok - discover_supervisor_target: override > TMUX_PANE > herdr '<session>:<pane-id>' composition > firstmate:0 fallback
ok - pane_is_busy: herdr native busy_state='busy' short-circuits without a capture fallback
ok - primary busy guard isolates rendered signatures by detected harness
ok - pane_is_busy: omitted backend defaults to tmux for Grok's isolated fallback
ok - pane_input_pending: dispatches through fm_backend_composer_state for backend=herdr
ok - inject_msg: herdr busy-guard defers before ever attempting a submit
ok - inject_msg: herdr composer-guard defers before ever attempting a submit
ok - inject_msg: herdr pane-gone check defers before any busy/composer/submit call
ok - inject_msg: dispatches busy-guard/composer-guard/submit through the herdr backend and succeeds on a confirmed empty composer
ok - inject_msg: defers on a dead-shell/unreadable composer (unknown), never typing the escalation into a shell
ok - inject_msg: unrecognized composer states defer by default
FM_TEST_END 2026-09-26T12:14:35Z tests/fm-daemon.test.sh exit=0 duration_ms=52022 gate_skip=false
FM_TEST_SUMMARY total=2 failed=0 skipped_gate=0 duration_ms=52132
FM_TEST_SUMMARY_FAMILY family=watcher-wake-lock count=2 duration_ms=83057 failed=0
FM_TEST_SLOWEST rank=1 script=tests/fm-daemon.test.sh duration_ms=52022
FM_TEST_SLOWEST rank=2 script=tests/fm-inactive-reconcile.test.sh duration_ms=31035
exit=0
