FM_TEST_BEGIN 2026-09-26T12:32:11Z tests/fm-calm-pi-extension.test.sh family=pure-contract-unit expected_gate_skip=none
skip: installed @earendil-works/pi-coding-agent package not found
ok - Pi calm compatibility evidence never rejects a Pi version for being newer than 0.82.0, and still fails closed on a missing or malformed version
skip: installed @earendil-works/pi-coding-agent package not found
ok - missing Pi presentation class exports reach the independent adapter degradation path
skip: installed @earendil-works/pi-coding-agent package not found
skip: installed @earendil-works/pi-coding-agent package not found
skip: installed @earendil-works/pi-coding-agent package not found
skip: installed @earendil-works/pi-coding-agent package not found
skip: installed @earendil-works/pi-coding-agent package not found
ok - Pi operational follow-up E2E processes exact user-role notifications once while Calm hides current and adjacent rows, Calm off and absent render them, and restart preserves semantics
ok - Pi 0.87.1 with Calm on keeps a queued Firstmate notification unlisted, out of the editor on Escape, and delivers it once in a new announced turn, while Calm off stays stock
ok - Pi Calm native /skill:ahoy geometry keeps every collapsed thinking and tool block at zero height while preserving expansion, history, restart, and Calm-off rendering
skip: installed @earendil-works/pi-coding-agent package not found
ok - the rendered-export-DOM guard renders in one pass, retries a bounded number of Chrome start-up failures, and reports the Chrome binary, Chrome version, Pi version, exit status, and Chrome diagnostic when every attempt fails
ok - Pi calm native E2E replaces the stock working row with a moving, resize-clamped working ship that freezes and resumes across two working periods in one Pi session, clears on abort, keeps captain turns visible, hides exact operational user rows without changing persistence, restores stock rendering Calm-off, survives restart, and preserves export plus Ctrl+O behavior
fm-test-run: gate skip: tests/fm-calm-pi-extension.test.sh: installed @earendil-works/pi-coding-agent package not found
FM_TEST_END 2026-09-26T12:32:38Z tests/fm-calm-pi-extension.test.sh exit=0 duration_ms=26975 gate_skip=true
FM_TEST_SUMMARY total=1 failed=0 skipped_gate=1 duration_ms=27026
FM_TEST_SUMMARY_FAMILY family=pure-contract-unit count=1 duration_ms=26975 failed=0
FM_TEST_SLOWEST rank=1 script=tests/fm-calm-pi-extension.test.sh duration_ms=26975
