ok - fm-spawn --relaunch: a task dispatched before the preparation gate still relaunches
ok - fm-promote/fm-spawn --relaunch: the current ship contract supersedes stale scout delivery text
rm: cannot remove '/home/tegris/.no-mistakes/worktrees/befb827bbae4/01M43C5X37ANEHYTB6YAW1JDX1/.test-phase/tmp/fm-control-relaunch.ytKUUb/promoted-scout-local-only-6789/home/state/rl-promoted-local-only.git-hooks/pre-auto-gc': Permission denied
rm: cannot remove '/home/tegris/.no-mistakes/worktrees/befb827bbae4/01M43C5X37ANEHYTB6YAW1JDX1/.test-phase/tmp/fm-control-relaunch.ytKUUb/promoted-scout-local-only-6789/home/state/rl-promoted-local-only.git-hooks/post-merge': Permission denied
rm: cannot remove '/home/tegris/.no-mistakes/worktrees/befb827bbae4/01M43C5X37ANEHYTB6YAW1JDX1/.test-phase/tmp/fm-control-relaunch.ytKUUb/promoted-scout-local-only-6789/home/state/rl-promoted-local-only.git-hooks/commit-msg': Permission denied
rm: cannot remove '/home/tegris/.no-mistakes/worktrees/befb827bbae4/01M43C5X37ANEHYTB6YAW1JDX1/.test-phase/tmp/fm-control-relaunch.ytKUUb/promoted-scout-local-only-6789/home/state/rl-promoted-local-only.git-hooks/prepare-commit-msg': Permission denied
rm: cannot remove '/home/tegris/.no-mistakes/worktrees/befb827bbae4/01M43C5X37ANEHYTB6YAW1JDX1/.test-phase/tmp/fm-control-relaunch.ytKUUb/promoted-scout-local-only-6789/home/state/rl-promoted-local-only.git-hooks/post-checkout': Permission denied
rm: cannot remove '/home/tegris/.no-mistakes/worktrees/befb827bbae4/01M43C5X37ANEHYTB6YAW1JDX1/.test-phase/tmp/fm-control-relaunch.ytKUUb/promoted-scout-local-only-6789/home/state/rl-promoted-local-only.git-hooks/post-commit': Permission denied
rm: cannot remove '/home/tegris/.no-mistakes/worktrees/befb827bbae4/01M43C5X37ANEHYTB6YAW1JDX1/.test-phase/tmp/fm-control-relaunch.ytKUUb/promoted-scout-local-only-6789/home/state/rl-promoted-local-only.git-hooks/pre-push': Permission denied
rm: cannot remove '/home/tegris/.no-mistakes/worktrees/befb827bbae4/01M43C5X37ANEHYTB6YAW1JDX1/.test-phase/tmp/fm-control-relaunch.ytKUUb/promoted-scout-local-only-6789/home/state/rl-promoted-local-only.git-hooks/post-rewrite': Permission denied
rm: cannot remove '/home/tegris/.no-mistakes/worktrees/befb827bbae4/01M43C5X37ANEHYTB6YAW1JDX1/.test-phase/tmp/fm-control-relaunch.ytKUUb/promoted-scout-local-only-6789/home/state/rl-promoted-local-only.git-hooks/pre-commit': Permission denied
rm: cannot remove '/home/tegris/.no-mistakes/worktrees/befb827bbae4/01M43C5X37ANEHYTB6YAW1JDX1/.test-phase/tmp/fm-control-relaunch.ytKUUb/promoted-scout-local-only-6789/home/state/rl-promoted-local-only.git-hooks/applypatch-msg': Permission denied
rm: cannot remove '/home/tegris/.no-mistakes/worktrees/befb827bbae4/01M43C5X37ANEHYTB6YAW1JDX1/.test-phase/tmp/fm-control-relaunch.ytKUUb/promoted-scout-local-only-6789/home/state/rl-promoted-local-only.git-hooks/post-applypatch': Permission denied
rm: cannot remove '/home/tegris/.no-mistakes/worktrees/befb827bbae4/01M43C5X37ANEHYTB6YAW1JDX1/.test-phase/tmp/fm-control-relaunch.ytKUUb/promoted-scout-local-only-6789/home/state/rl-promoted-local-only.git-hooks/pre-merge-commit': Permission denied
rm: cannot remove '/home/tegris/.no-mistakes/worktrees/befb827bbae4/01M43C5X37ANEHYTB6YAW1JDX1/.test-phase/tmp/fm-control-relaunch.ytKUUb/promoted-scout-local-only-6789/home/state/rl-promoted-local-only.git-hooks/sendemail-validate': Permission denied
rm: cannot remove '/home/tegris/.no-mistakes/worktrees/befb827bbae4/01M43C5X37ANEHYTB6YAW1JDX1/.test-phase/tmp/fm-control-relaunch.ytKUUb/promoted-scout-local-only-6789/home/state/rl-promoted-local-only.git-hooks/pre-rebase': Permission denied
rm: cannot remove '/home/tegris/.no-mistakes/worktrees/befb827bbae4/01M43C5X37ANEHYTB6YAW1JDX1/.test-phase/tmp/fm-control-relaunch.ytKUUb/promoted-scout-local-only-6789/home/state/rl-promoted-local-only.git-hooks/pre-applypatch': Permission denied
rm: cannot remove '/home/tegris/.no-mistakes/worktrees/befb827bbae4/01M43C5X37ANEHYTB6YAW1JDX1/.test-phase/tmp/fm-control-relaunch.ytKUUb/promoted-scout-direct-PR-18931/home/state/rl-promoted-direct-PR.git-hooks/pre-auto-gc': Permission denied
rm: cannot remove '/home/tegris/.no-mistakes/worktrees/befb827bbae4/01M43C5X37ANEHYTB6YAW1JDX1/.test-phase/tmp/fm-control-relaunch.ytKUUb/promoted-scout-direct-PR-18931/home/state/rl-promoted-direct-PR.git-hooks/post-merge': Permission denied
rm: cannot remove '/home/tegris/.no-mistakes/worktrees/befb827bbae4/01M43C5X37ANEHYTB6YAW1JDX1/.test-phase/tmp/fm-control-relaunch.ytKUUb/promoted-scout-direct-PR-18931/home/state/rl-promoted-direct-PR.git-hooks/commit-msg': Permission denied
rm: cannot remove '/home/tegris/.no-mistakes/worktrees/befb827bbae4/01M43C5X37ANEHYTB6YAW1JDX1/.test-phase/tmp/fm-control-relaunch.ytKUUb/promoted-scout-direct-PR-18931/home/state/rl-promoted-direct-PR.git-hooks/prepare-commit-msg': Permission denied
rm: cannot remove '/home/tegris/.no-mistakes/worktrees/befb827bbae4/01M43C5X37ANEHYTB6YAW1JDX1/.test-phase/tmp/fm-control-relaunch.ytKUUb/promoted-scout-direct-PR-18931/home/state/rl-promoted-direct-PR.git-hooks/post-checkout': Permission denied
rm: cannot remove '/home/tegris/.no-mistakes/worktrees/befb827bbae4/01M43C5X37ANEHYTB6YAW1JDX1/.test-phase/tmp/fm-control-relaunch.ytKUUb/promoted-scout-direct-PR-18931/home/state/rl-promoted-direct-PR.git-hooks/post-commit': Permission denied
rm: cannot remove '/home/tegris/.no-mistakes/worktrees/befb827bbae4/01M43C5X37ANEHYTB6YAW1JDX1/.test-phase/tmp/fm-control-relaunch.ytKUUb/promoted-scout-direct-PR-18931/home/state/rl-promoted-direct-PR.git-hooks/pre-push': Permission denied
rm: cannot remove '/home/tegris/.no-mistakes/worktrees/befb827bbae4/01M43C5X37ANEHYTB6YAW1JDX1/.test-phase/tmp/fm-control-relaunch.ytKUUb/promoted-scout-direct-PR-18931/home/state/rl-promoted-direct-PR.git-hooks/post-rewrite': Permission denied
rm: cannot remove '/home/tegris/.no-mistakes/worktrees/befb827bbae4/01M43C5X37ANEHYTB6YAW1JDX1/.test-phase/tmp/fm-control-relaunch.ytKUUb/promoted-scout-direct-PR-18931/home/state/rl-promoted-direct-PR.git-hooks/pre-commit': Permission denied
rm: cannot remove '/home/tegris/.no-mistakes/worktrees/befb827bbae4/01M43C5X37ANEHYTB6YAW1JDX1/.test-phase/tmp/fm-control-relaunch.ytKUUb/promoted-scout-direct-PR-18931/home/state/rl-promoted-direct-PR.git-hooks/applypatch-msg': Permission denied
rm: cannot remove '/home/tegris/.no-mistakes/worktrees/befb827bbae4/01M43C5X37ANEHYTB6YAW1JDX1/.test-phase/tmp/fm-control-relaunch.ytKUUb/promoted-scout-direct-PR-18931/home/state/rl-promoted-direct-PR.git-hooks/post-applypatch': Permission denied
rm: cannot remove '/home/tegris/.no-mistakes/worktrees/befb827bbae4/01M43C5X37ANEHYTB6YAW1JDX1/.test-phase/tmp/fm-control-relaunch.ytKUUb/promoted-scout-direct-PR-18931/home/state/rl-promoted-direct-PR.git-hooks/pre-merge-commit': Permission denied
rm: cannot remove '/home/tegris/.no-mistakes/worktrees/befb827bbae4/01M43C5X37ANEHYTB6YAW1JDX1/.test-phase/tmp/fm-control-relaunch.ytKUUb/promoted-scout-direct-PR-18931/home/state/rl-promoted-direct-PR.git-hooks/sendemail-validate': Permission denied
rm: cannot remove '/home/tegris/.no-mistakes/worktrees/befb827bbae4/01M43C5X37ANEHYTB6YAW1JDX1/.test-phase/tmp/fm-control-relaunch.ytKUUb/promoted-scout-direct-PR-18931/home/state/rl-promoted-direct-PR.git-hooks/pre-rebase': Permission denied
rm: cannot remove '/home/tegris/.no-mistakes/worktrees/befb827bbae4/01M43C5X37ANEHYTB6YAW1JDX1/.test-phase/tmp/fm-control-relaunch.ytKUUb/promoted-scout-direct-PR-18931/home/state/rl-promoted-direct-PR.git-hooks/pre-applypatch': Permission denied
rm: cannot remove '/home/tegris/.no-mistakes/worktrees/befb827bbae4/01M43C5X37ANEHYTB6YAW1JDX1/.test-phase/tmp/fm-control-relaunch.ytKUUb/prepgate-9912/home/state/rl60.git-hooks/pre-auto-gc': Permission denied
rm: cannot remove '/home/tegris/.no-mistakes/worktrees/befb827bbae4/01M43C5X37ANEHYTB6YAW1JDX1/.test-phase/tmp/fm-control-relaunch.ytKUUb/prepgate-9912/home/state/rl60.git-hooks/post-merge': Permission denied
rm: cannot remove '/home/tegris/.no-mistakes/worktrees/befb827bbae4/01M43C5X37ANEHYTB6YAW1JDX1/.test-phase/tmp/fm-control-relaunch.ytKUUb/prepgate-9912/home/state/rl60.git-hooks/commit-msg': Permission denied
rm: cannot remove '/home/tegris/.no-mistakes/worktrees/befb827bbae4/01M43C5X37ANEHYTB6YAW1JDX1/.test-phase/tmp/fm-control-relaunch.ytKUUb/prepgate-9912/home/state/rl60.git-hooks/prepare-commit-msg': Permission denied
rm: cannot remove '/home/tegris/.no-mistakes/worktrees/befb827bbae4/01M43C5X37ANEHYTB6YAW1JDX1/.test-phase/tmp/fm-control-relaunch.ytKUUb/prepgate-9912/home/state/rl60.git-hooks/post-checkout': Permission denied
rm: cannot remove '/home/tegris/.no-mistakes/worktrees/befb827bbae4/01M43C5X37ANEHYTB6YAW1JDX1/.test-phase/tmp/fm-control-relaunch.ytKUUb/prepgate-9912/home/state/rl60.git-hooks/post-commit': Permission denied
rm: cannot remove '/home/tegris/.no-mistakes/worktrees/befb827bbae4/01M43C5X37ANEHYTB6YAW1JDX1/.test-phase/tmp/fm-control-relaunch.ytKUUb/prepgate-9912/home/state/rl60.git-hooks/pre-push': Permission denied
rm: cannot remove '/home/tegris/.no-mistakes/worktrees/befb827bbae4/01M43C5X37ANEHYTB6YAW1JDX1/.test-phase/tmp/fm-control-relaunch.ytKUUb/prepgate-9912/home/state/rl60.git-hooks/post-rewrite': Permission denied
rm: cannot remove '/home/tegris/.no-mistakes/worktrees/befb827bbae4/01M43C5X37ANEHYTB6YAW1JDX1/.test-phase/tmp/fm-control-relaunch.ytKUUb/prepgate-9912/home/state/rl60.git-hooks/pre-commit': Permission denied
rm: cannot remove '/home/tegris/.no-mistakes/worktrees/befb827bbae4/01M43C5X37ANEHYTB6YAW1JDX1/.test-phase/tmp/fm-control-relaunch.ytKUUb/prepgate-9912/home/state/rl60.git-hooks/applypatch-msg': Permission denied
rm: cannot remove '/home/tegris/.no-mistakes/worktrees/befb827bbae4/01M43C5X37ANEHYTB6YAW1JDX1/.test-phase/tmp/fm-control-relaunch.ytKUUb/prepgate-9912/home/state/rl60.git-hooks/post-applypatch': Permission denied
rm: cannot remove '/home/tegris/.no-mistakes/worktrees/befb827bbae4/01M43C5X37ANEHYTB6YAW1JDX1/.test-phase/tmp/fm-control-relaunch.ytKUUb/prepgate-9912/home/state/rl60.git-hooks/pre-merge-commit': Permission denied
rm: cannot remove '/home/tegris/.no-mistakes/worktrees/befb827bbae4/01M43C5X37ANEHYTB6YAW1JDX1/.test-phase/tmp/fm-control-relaunch.ytKUUb/prepgate-9912/home/state/rl60.git-hooks/sendemail-validate': Permission denied
rm: cannot remove '/home/tegris/.no-mistakes/worktrees/befb827bbae4/01M43C5X37ANEHYTB6YAW1JDX1/.test-phase/tmp/fm-control-relaunch.ytKUUb/prepgate-9912/home/state/rl60.git-hooks/pre-rebase': Permission denied
rm: cannot remove '/home/tegris/.no-mistakes/worktrees/befb827bbae4/01M43C5X37ANEHYTB6YAW1JDX1/.test-phase/tmp/fm-control-relaunch.ytKUUb/prepgate-9912/home/state/rl60.git-hooks/pre-applypatch': Permission denied
rm: cannot remove '/home/tegris/.no-mistakes/worktrees/befb827bbae4/01M43C5X37ANEHYTB6YAW1JDX1/.test-phase/tmp/fm-control-relaunch.ytKUUb/promoted-scout-no-mistakes-26462/home/state/rl-promoted-no-mistakes.git-hooks/pre-auto-gc': Permission denied
rm: cannot remove '/home/tegris/.no-mistakes/worktrees/befb827bbae4/01M43C5X37ANEHYTB6YAW1JDX1/.test-phase/tmp/fm-control-relaunch.ytKUUb/promoted-scout-no-mistakes-26462/home/state/rl-promoted-no-mistakes.git-hooks/post-merge': Permission denied
rm: cannot remove '/home/tegris/.no-mistakes/worktrees/befb827bbae4/01M43C5X37ANEHYTB6YAW1JDX1/.test-phase/tmp/fm-control-relaunch.ytKUUb/promoted-scout-no-mistakes-26462/home/state/rl-promoted-no-mistakes.git-hooks/commit-msg': Permission denied
rm: cannot remove '/home/tegris/.no-mistakes/worktrees/befb827bbae4/01M43C5X37ANEHYTB6YAW1JDX1/.test-phase/tmp/fm-control-relaunch.ytKUUb/promoted-scout-no-mistakes-26462/home/state/rl-promoted-no-mistakes.git-hooks/prepare-commit-msg': Permission denied
rm: cannot remove '/home/tegris/.no-mistakes/worktrees/befb827bbae4/01M43C5X37ANEHYTB6YAW1JDX1/.test-phase/tmp/fm-control-relaunch.ytKUUb/promoted-scout-no-mistakes-26462/home/state/rl-promoted-no-mistakes.git-hooks/post-checkout': Permission denied
rm: cannot remove '/home/tegris/.no-mistakes/worktrees/befb827bbae4/01M43C5X37ANEHYTB6YAW1JDX1/.test-phase/tmp/fm-control-relaunch.ytKUUb/promoted-scout-no-mistakes-26462/home/state/rl-promoted-no-mistakes.git-hooks/post-commit': Permission denied
rm: cannot remove '/home/tegris/.no-mistakes/worktrees/befb827bbae4/01M43C5X37ANEHYTB6YAW1JDX1/.test-phase/tmp/fm-control-relaunch.ytKUUb/promoted-scout-no-mistakes-26462/home/state/rl-promoted-no-mistakes.git-hooks/pre-push': Permission denied
rm: cannot remove '/home/tegris/.no-mistakes/worktrees/befb827bbae4/01M43C5X37ANEHYTB6YAW1JDX1/.test-phase/tmp/fm-control-relaunch.ytKUUb/promoted-scout-no-mistakes-26462/home/state/rl-promoted-no-mistakes.git-hooks/post-rewrite': Permission denied
rm: cannot remove '/home/tegris/.no-mistakes/worktrees/befb827bbae4/01M43C5X37ANEHYTB6YAW1JDX1/.test-phase/tmp/fm-control-relaunch.ytKUUb/promoted-scout-no-mistakes-26462/home/state/rl-promoted-no-mistakes.git-hooks/pre-commit': Permission denied
rm: cannot remove '/home/tegris/.no-mistakes/worktrees/befb827bbae4/01M43C5X37ANEHYTB6YAW1JDX1/.test-phase/tmp/fm-control-relaunch.ytKUUb/promoted-scout-no-mistakes-26462/home/state/rl-promoted-no-mistakes.git-hooks/applypatch-msg': Permission denied
rm: cannot remove '/home/tegris/.no-mistakes/worktrees/befb827bbae4/01M43C5X37ANEHYTB6YAW1JDX1/.test-phase/tmp/fm-control-relaunch.ytKUUb/promoted-scout-no-mistakes-26462/home/state/rl-promoted-no-mistakes.git-hooks/post-applypatch': Permission denied
rm: cannot remove '/home/tegris/.no-mistakes/worktrees/befb827bbae4/01M43C5X37ANEHYTB6YAW1JDX1/.test-phase/tmp/fm-control-relaunch.ytKUUb/promoted-scout-no-mistakes-26462/home/state/rl-promoted-no-mistakes.git-hooks/pre-merge-commit': Permission denied
rm: cannot remove '/home/tegris/.no-mistakes/worktrees/befb827bbae4/01M43C5X37ANEHYTB6YAW1JDX1/.test-phase/tmp/fm-control-relaunch.ytKUUb/promoted-scout-no-mistakes-26462/home/state/rl-promoted-no-mistakes.git-hooks/sendemail-validate': Permission denied
rm: cannot remove '/home/tegris/.no-mistakes/worktrees/befb827bbae4/01M43C5X37ANEHYTB6YAW1JDX1/.test-phase/tmp/fm-control-relaunch.ytKUUb/promoted-scout-no-mistakes-26462/home/state/rl-promoted-no-mistakes.git-hooks/pre-rebase': Permission denied
rm: cannot remove '/home/tegris/.no-mistakes/worktrees/befb827bbae4/01M43C5X37ANEHYTB6YAW1JDX1/.test-phase/tmp/fm-control-relaunch.ytKUUb/promoted-scout-no-mistakes-26462/home/state/rl-promoted-no-mistakes.git-hooks/pre-applypatch': Permission denied
